[    0.4s] threat model rebuilt: feature_ids=[8, 31, 7, 50]  k=4
[    0.4s] feature_ids match baseline.json exactly
[    0.4s] rho=0.005: replaying prover BaB
[    0.6s]   prover proved=True  discharged boxes=1  iters=1
[    1.1s]   PGD ascent inside 1 discharged boxes
[    5.0s]   proved=True agrees=True | coverage 1.0000 | worst true -11.3489 | soundness margin -3.538e+00 | IBP closed 0/1
[    5.0s] rho=0.01: replaying prover BaB
[    6.5s]   prover proved=True  discharged boxes=8  iters=4
[    8.4s]   PGD ascent inside 8 discharged boxes
[   12.9s]   proved=True agrees=True | coverage 1.0000 | worst true -11.3472 | soundness margin -9.590e+00 | IBP closed 0/8
[   12.9s] rho=0.02: replaying prover BaB
[   31.6s]   prover proved=True  discharged boxes=128  iters=8
[   51.3s]   PGD ascent inside 128 discharged boxes
[  216.1s]   proved=True agrees=True | coverage 1.0000 | worst true -11.3439 | soundness margin -9.387e+00 | IBP closed 0/128
[  216.1s] rho=0.03: replaying prover BaB
[  371.5s]   prover proved=True  discharged boxes=1024  iters=11
[  592.6s]     audited 256/1024 boxes
[  632.1s]     audited 512/1024 boxes
[  662.9s]     audited 768/1024 boxes
[  710.5s]     audited 1024/1024 boxes
[  710.5s]   PGD ascent inside 1024 discharged boxes
[  763.6s]   proved=True agrees=True | coverage 1.0000 | worst true -11.3405 | soundness margin -5.526e+00 | IBP closed 0/1024
[  763.6s] rho=0.04: replaying prover BaB
[ 1339.2s]   prover proved=True  discharged boxes=2048  iters=12
[ 1362.9s]     audited 256/2048 boxes
[ 1383.5s]     audited 512/2048 boxes
[ 1404.0s]     audited 768/2048 boxes
[ 1424.6s]     audited 1024/2048 boxes
[ 1445.1s]     audited 1280/2048 boxes
[ 1466.6s]     audited 1536/2048 boxes
[ 1488.0s]     audited 1792/2048 boxes
[ 1509.6s]     audited 2048/2048 boxes
[ 1509.6s]   PGD ascent inside 2048 discharged boxes
[ 1559.5s]   proved=True agrees=True | coverage 1.0000 | worst true -11.3371 | soundness margin -8.930e+00 | IBP closed 0/2048
[ 1559.5s] rho=0.06: replaying prover BaB
[ 1881.8s]   prover proved=False  discharged boxes=0  iters=20
[ 1881.8s]   PGD ascent inside 0 discharged boxes
[ 1881.8s]   proved=False agrees=True | coverage 0.0000 | worst true -inf | soundness margin -inf | IBP closed 0/0
[ 1881.8s] wrote C:\Users\sehaj\experiments\ai_safety_lyapunov\results\c14_audit.json
{
  "no_unsoundness_found": true,
  "note": "Falsification failing to find a violation is evidence, not proof. The IBP column is the only genuinely independent SOUND bound here; where it does not close, the box rests on the native engine alone."
}
