[    0.2s] experiment 1: softmax relaxation ablation
[    0.4s]   softmax=interval  L0 attn 1.5445e-03 (44.35x true)  margin +5.2523e+05
[    0.5s]   softmax=linear    L0 attn 1.5394e-03 (44.21x true)  margin +5.1918e+05
[    0.5s] experiment 2: width scaling (randomly initialised, NOT trained)
[    0.6s]   d_model=  32 rho=0.0001  amp=2.894e+01  L1 unstable=0.000  spread=1.001e+00
[    0.6s]   d_model=  32 rho=0.001   amp=5.832e+01  L1 unstable=0.006  spread=1.016e+00
[    0.7s]   d_model=  32 rho=0.01    amp=5.889e+06  L1 unstable=0.200  spread=4.444e+03
[    0.9s]   d_model=  64 rho=0.0001  amp=6.498e+02  L1 unstable=0.006  spread=1.006e+00
[    1.1s]   d_model=  64 rho=0.001   amp=7.822e+03  L1 unstable=0.182  spread=1.300e+00
[    1.3s]   d_model=  64 rho=0.01    amp=2.984e+09  L1 unstable=0.200  spread=8.127e+05
[    2.0s]   d_model= 128 rho=0.0001  amp=4.242e+09  L1 unstable=0.200  spread=2.883e+03
[    2.6s]   d_model= 128 rho=0.001   amp=3.853e+08  L1 unstable=0.200  spread=2.766e+03
[    3.3s]   d_model= 128 rho=0.01    amp=3.910e+11  L1 unstable=0.200  spread=2.537e+07
[    3.3s] experiment 3: 50 anchors at rho=0.02
[  104.5s]   10/50 done, 10 certified so far
[  269.3s]   20/50 done, 19 certified so far
[  356.8s]   30/50 done, 29 certified so far
[  546.5s]   40/50 done, 38 certified so far
[  677.1s]   50/50 done, 47 certified so far
[  677.1s]   certified 47/50 at rho=0.02
[  677.2s] wrote C:\Users\sehaj\experiments\ai_safety_lyapunov\results\c17.json
{
  "softmax": {
    "gap_reduction_factor": 1.003284949790266,
    "remaining_gap_vs_zonotope": 11.458190623342231,
    "conclusion": "The state-of-the-art softmax relaxation reduces the attention gap by 0.3% -- essentially nothing. Softmax relaxation quality is NOT the bottleneck. The bottleneck is the representation: two-sided linear bounds must relax the product p*v, whereas a zonotope carries p and v as affine forms over SHARED noise symbols and keeps the first-order cross terms exactly, paying only second order. c16 concluded a better softmax relaxation was what was needed; this refutes that."
  },
  "prompts": {
    "fraction_certified": 0.94
  }
}
