C:\Users\sehaj\experiments\ai_safety_lyapunov\audit\c19_trainability.py:146: UserWarning: Converting a tensor with requires_grad=True to a scalar may lead to unexpected behavior.
Consider using tensor.detach() first. (Triggered internally at C:\actions-runner\_work\pytorch\pytorch\pytorch\torch\csrc\autograd\generated\python_variable_methods.cpp:837.)
  curve.append({"step": step, "loss": float(loss)})
[  846.7s]   standard      seed=0 acc=1.0000 ce=0.0000 loss=0.0000 gap=3.312e+01
[ 1165.5s]   standard      seed=1 acc=1.0000 ce=0.0000 loss=0.0000 gap=4.823e+00
[ 1555.3s]   standard      seed=2 acc=1.0000 ce=0.0000 loss=0.0000 gap=5.869e+00
[ 1913.7s]   fixnorm       seed=0 acc=1.0000 ce=0.0000 loss=0.0000 gap=1.113e+00
[ 2209.6s]   fixnorm       seed=1 acc=1.0000 ce=0.0000 loss=0.0000 gap=1.147e+00
[ 2524.2s]   fixnorm       seed=2 acc=1.0000 ce=0.0000 loss=0.0000 gap=1.110e+00
[ 2840.0s]   fixnorm_tanh  seed=0 acc=1.0000 ce=0.0000 loss=0.0000 gap=1.143e+00
[ 3102.7s]   fixnorm_tanh  seed=1 acc=1.0000 ce=0.0000 loss=0.0000 gap=1.183e+00
[ 3359.9s]   fixnorm_tanh  seed=2 acc=1.0000 ce=0.0000 loss=0.0000 gap=1.156e+00
[ 3360.0s] wrote C:\Users\sehaj\experiments\ai_safety_lyapunov\results\c19.json
{
  "standard": {
    "test_accuracy_mean": 1.0,
    "test_accuracy_std": 0.0,
    "test_accuracy_min": 1.0,
    "test_ce_mean": 2.3718318819495227e-05,
    "trained_relaxation_gap_median": 5.869395259210062,
    "frac_margin_negative_mean": 1.0,
    "accuracy_delta_vs_standard": 0.0,
    "gap_improvement_vs_standard": 1.0
  },
  "fixnorm": {
    "test_accuracy_mean": 1.0,
    "test_accuracy_std": 0.0,
    "test_accuracy_min": 1.0,
    "test_ce_mean": 9.368917706827536e-07,
    "trained_relaxation_gap_median": 1.1130009691927156,
    "frac_margin_negative_mean": 1.0,
    "accuracy_delta_vs_standard": 0.0,
    "gap_improvement_vs_standard": 5.273486206815494
  },
  "fixnorm_tanh": {
    "test_accuracy_mean": 1.0,
    "test_accuracy_std": 0.0,
    "test_accuracy_min": 1.0,
    "test_ce_mean": 2.0450359746367517e-06,
    "trained_relaxation_gap_median": 1.1561179456738662,
    "frac_margin_negative_mean": 1.0,
    "accuracy_delta_vs_standard": 0.0,
    "gap_improvement_vs_standard": 5.076813556240553
  }
}
