C:\Users\sehaj\experiments\ai_safety_lyapunov\audit\c20_expressivity.py:158: UserWarning: Converting a tensor with requires_grad=True to a scalar may lead to unexpected behavior.
Consider using tensor.detach() first. (Triggered internally at C:\actions-runner\_work\pytorch\pytorch\pytorch\torch\csrc\autograd\generated\python_variable_methods.cpp:837.)
  curve.append({"step": step, "loss": float(loss), "grad_norm": gn})
[  237.1s]   standard      seed=0 acc=0.8032 ce=0.6508 gnorm=9.562e-01 gap=1.955e+01 viol=+3.6e-15
[  393.9s]   standard      seed=1 acc=0.9446 ce=0.1836 gnorm=1.719e+00 gap=1.879e+01 viol=+2.7e-15
[  549.2s]   standard      seed=2 acc=0.9440 ce=0.1746 gnorm=5.536e+00 gap=3.127e+01 viol=-5.3e-15
[  691.3s]   fixnorm       seed=0 acc=0.8077 ce=0.6742 gnorm=3.988e+00 gap=1.144e+00 viol=+1.8e-14
[  813.0s]   fixnorm       seed=1 acc=0.8674 ce=0.4359 gnorm=8.926e-01 gap=1.142e+00 viol=+3.6e-14
[  972.0s]   fixnorm       seed=2 acc=0.8445 ce=0.5157 gnorm=1.291e+00 gap=1.139e+00 viol=+4.3e-14
[ 1110.1s]   fixnorm_tanh  seed=0 acc=0.7871 ce=0.7811 gnorm=1.574e+00 gap=1.257e+00 viol=+5.3e-15
[ 1214.5s]   fixnorm_tanh  seed=1 acc=0.7941 ce=0.6774 gnorm=1.049e+00 gap=1.162e+00 viol=+6.2e-15
[ 1369.9s]   fixnorm_tanh  seed=2 acc=0.8441 ce=0.5289 gnorm=1.221e+00 gap=1.170e+00 viol=+1.2e-14
[ 1369.9s] wrote C:\Users\sehaj\experiments\ai_safety_lyapunov\results\c20.json  (baseline acc 0.8973, non-saturated=True)
{
  "standard": {
    "test_accuracy_mean": 0.8972574869791666,
    "test_accuracy_std": 0.06649313335452883,
    "test_ce_mean": 0.3363204250733058,
    "final_grad_norm_mean": 2.7369163433710733,
    "trained_relaxation_gap_median": 19.549930163192055,
    "frac_margin_negative_mean": 0.9864179336981014,
    "max_containment_violation": 3.552713678800501e-15,
    "accuracy_delta_vs_standard": 0.0,
    "gap_improvement_vs_standard": 1.0
  },
  "fixnorm": {
    "test_accuracy_mean": 0.8398844401041666,
    "test_accuracy_std": 0.024585242439753675,
    "test_ce_mean": 0.5419338742891947,
    "final_grad_norm_mean": 2.0569450656572976,
    "trained_relaxation_gap_median": 1.1423601419342995,
    "frac_margin_negative_mean": 0.9875043352410148,
    "max_containment_violation": 4.263256414560601e-14,
    "accuracy_delta_vs_standard": -0.057373046875,
    "gap_improvement_vs_standard": 17.113631196978886
  },
  "fixnorm_tanh": {
    "test_accuracy_mean": 0.8084309895833334,
    "test_accuracy_std": 0.025392646383045718,
    "test_ce_mean": 0.6624672611554464,
    "final_grad_norm_mean": 1.2813878854115803,
    "trained_relaxation_gap_median": 1.1704046313835326,
    "frac_margin_negative_mean": 0.9833321470944495,
    "max_containment_violation": 1.199040866595169e-14,
    "accuracy_delta_vs_standard": -0.08882649739583326,
    "gap_improvement_vs_standard": 16.70356527902844
  }
}
